// Jest Snapshot v1, https://goo.gl/fbAQLP

exports[`<Footer /> renders correctly 1`] = `
<div>
  <div
    class="MuiContainer-root MuiContainer-maxWidthLg MuiContainer-disableGutters css-1p4tas-MuiContainer-root"
  >
    <p
      class="MuiTypography-root MuiTypography-body2 css-e784if-MuiTypography-root"
    >
      Â© No copyrights
    </p>
  </div>
</div>
`;
